[Licensing::Module] Trying to connect to existing licensing client channel...
Built from '6000.6/staging' branch; Version is '6000.6.2f1 (770e33f6875c) revision 7802419'; Using compiler version '194234433'; Build Type 'Release'
[Licensing::IpcConnector] Successfully connected to: "LicenseClient-anish" at "2026-09-23T14:43:50.3985655Z"
OS: 'Windows 11  (10.0.26200) CoreSingleLanguage' Language: 'en' Physical Memory: 16068 MB
BatchMode: 1, IsHumanControllingUs: 0, StartBugReporterOnCrash: 0, Is64bit: 1
System  architecture: x64
Process architecture: x64
Date: 2026-09-23T14:43:50Z
[Licensing::Client] Code 10 while verifying Licensing Client signature (process Id: 16404, path: "C:/Program Files/Unity Hub/UnityLicensingClient_V1/Unity.Licensing.Client.exe")
[Licensing::Module] LicensingClient has failed validation; ignoring
[Licensing::Client] Handshaking with LicensingClient:
  Version:                 1.18.3+d7ffd15
  Session Id:              12c2986e274140c192434122efed4bc0
  Correlation Id:          4bd810fae499f48013b8c9448bdf4bc1
  External correlation Id: 9027871757641379681
  Machine Id:              uofCyZByye7+EtVxAlNeHAfyu2I=
[Licensing::Module] Successfully connected to LicensingClient on channel: "LicenseClient-anish" (connect: 0.00s, validation: 0.06s, handshake: 0.38s)
[Licensing::IpcConnector] Successfully connected to: "LicenseClient-anish-notifications" at "2026-09-23T14:43:50.8448274Z"
[Licensing::Module] Licensing Background thread has ended after 0.45s

COMMAND LINE ARGUMENTS:
C:\Program Files\Unity\Hub\Editor\6000.6.2f1\Editor\Unity.exe
-adb2
-batchMode
-noUpm
-name
AssetImportWorkerHW1
-projectPath
C:/Users/anish/OneDrive/Desktop/NEW-Outfit-Studio-/Unity3DModule
-logFile
Logs/AssetImportWorkerHW1.log
-srvPort
56701
-parentPid
268
-analyticsCloudUserId
13469975180648
-analyticsLocalProjectId
41187121f754c714683a998d3334c5c9
-editorAnalyticsEnabled
1
-cbmEditorLicense
a35bddecda125186b5234b9a486eefd40642597f
-cbmMachineId
uofCyZByye7+EtVxAlNeHAfyu2I=
-licensingIpc
LicenseClient-anish
-noDiagnosticSwitchPersistentStore
-job-worker-count
5
-background-job-worker-count
8
-asset-garbage-collectors
1
-force-d3d12
-name
AssetImport
Successfully changed project path to: C:/Users/anish/OneDrive/Desktop/NEW-Outfit-Studio-/Unity3DModule
C:/Users/anish/OneDrive/Desktop/NEW-Outfit-Studio-/Unity3DModule
[UnityMemory] Configuration Parameters - Can be set up in boot.config
    "memorysetup-temp-allocator-size-gi-baking-worker=262144"
    "memorysetup-temp-allocator-size-gi-baking-worker=262144"
    "memorysetup-temp-allocator-size-gi-baking-worker=262144"
    "memorysetup-temp-allocator-size-gi-baking-worker=262144"
    "memorysetup-temp-allocator-size-gi-baking-worker=262144"
    "memorysetup-temp-allocator-size-nav-mesh-worker=65536"
    "memorysetup-temp-allocator-size-audio-worker=65536"
    "memorysetup-temp-allocator-size-cloud-worker=32768"
    "memorysetup-temp-allocator-size-gfx=262144"
    "memorysetup-remapper-allocator-initial-capacity=32768"
    "memorysetup-temp-allocator-size-preload-manager=33554432"
    "memorysetup-allocator-temp-initial-block-size-main=262144"
    "memorysetup-allocator-temp-initial-block-size-worker=262144"
    "memorysetup-temp-allocator-size-job-worker=262144"
    "memorysetup-temp-allocator-size-background-worker=32768"
    "memorysetup-bucket-allocator-granularity=16"
    "memorysetup-bucket-allocator-bucket-count=8"
    "memorysetup-bucket-allocator-block-size=33554432"
    "memorysetup-bucket-allocator-block-count=8"
    "memorysetup-main-allocator-block-size=16777216"
    "memorysetup-thread-allocator-block-size=16777216"
    "memorysetup-main-allocator-mimalloc-enabled=1"
    "memorysetup-gfx-main-allocator-block-size=16777216"
    "memorysetup-gfx-thread-allocator-block-size=16777216"
    "memorysetup-cache-allocator-block-size=4194304"
    "memorysetup-typetree-allocator-block-size=2097152"
    "memorysetup-profiler-bucket-allocator-granularity=16"
    "memorysetup-profiler-bucket-allocator-bucket-count=8"
    "memorysetup-profiler-bucket-allocator-block-size=33554432"
    "memorysetup-profiler-bucket-allocator-block-count=8"
    "memorysetup-profiler-allocator-block-size=16777216"
    "memorysetup-profiler-editor-allocator-block-size=1048576"
    "memorysetup-temp-allocator-size-main=16777216"
    "memorysetup-job-temp-allocator-block-size=2097152"
    "memorysetup-job-temp-allocator-block-size-background=1048576"
    "memorysetup-job-temp-allocator-reduction-small-platforms=262144"
Player connection [2352]  Target information:

Player connection [2352]  * "[IP] 192.168.1.12 [Port] 0 [Flags] 2 [Guid] 150279331 [EditorId] 150279331 [Version] 1048832 [Id] WindowsEditor(7,Anisha) [Debug] 1 [PackageName] WindowsEditor [ProjectName] Editor" 

Player connection [2352] Host joined multi-casting on [225.0.0.222:54997]...
Player connection [2352] Host joined alternative multi-casting on [225.0.0.222:34997]...
JobSystem: Creating JobQueue using job-worker-count value 5
Input System module state changed to: Initialized.
[Physics::Module] Initialized fallback backend.
[Physics::Module] Id: 0xdecafbad
Library Redirect Path: Library/
Initialising UDS system complete:
  - System type: Client
  - Resource namespace: a0f51ac29f24430f136aaf1cf55c81e6
  - Shared memory size: 1073741824
  - Command buffer id: 1052576
  - Command buffer size: 8192
  - Hashmap size: 4194304
  - Service connected: true
  - Service working directory: Library/DataStore/
[Physics::Module] Selected backend.
[Physics::Module] Name: PhysX
[Physics::Module] Id: 0xf2b8ea05
[Physics::Module] SDK Version: 4.1.2
[Physics::Module] Integration Version: 1.0.0
[Physics::Module] Threading Mode: Multi-Threaded
[Licensing::Client] Successfully resolved entitlement details
[Licensing::Module] License group:
  Id: 13469975180648-UnityPersXXXX
  Product: Unity Personal
  Type: Assigned
  Expiration: Unlimited
Initialize engine version: 6000.6.2f1 (770e33f6875c)
[EntityIdStore] init: VM path (explicit commit), pageSize=4096, blockCount=1048576, entitiesPerBlock=256, slots reserved=4294967296 bytes
[Subsystems] Discovering subsystems at path C:/Program Files/Unity/Hub/Editor/6000.6.2f1/Editor/Data/Resources/UnitySubsystems
[Subsystems] Discovering subsystems at path C:/Users/anish/OneDrive/Desktop/NEW-Outfit-Studio-/Unity3DModule/Assets
Forcing GfxDevice: Direct3D 12
GfxDevice: creating device client; kGfxThreadingModeNonThreaded
d3d12: failed to query info queue interface (0x80004002).
Direct3D:
    Version:         Direct3D 12 [level 12.1]
    Renderer:        Intel(R) Iris(R) Xe Graphics (ID=0xa7a1)
    Vendor:          Intel
    VRAM:            8034 MB
    App VRAM Budget: 7376 MB
    Driver:          32.0.101.7085
    Unified Memory Architecture
    Cache Coherent UMA
Initialize mono
Mono path[0] = 'C:/Program Files/Unity/Hub/Editor/6000.6.2f1/Editor/Data/Managed'
Mono path[1] = 'C:/Program Files/Unity/Hub/Editor/6000.6.2f1/Editor/Data/BCLExtensions/runtime/netstandard2.1'
Mono path[2] = 'C:/Program Files/Unity/Hub/Editor/6000.6.2f1/Editor/Data/MonoBleedingEdge/lib/mono/unityjit-win32'
Mono config path = 'C:/Program Files/Unity/Hub/Editor/6000.6.2f1/Editor/Data/MonoBleedingEdge/etc'
Using monoOptions --debugger-agent=transport=dt_socket,embedding=1,server=y,suspend=n,address=127.0.0.1:56344
CodeReloadManager initialized
Begin MonoManager ReloadAssembly
Registering precompiled unity dll's ...
Register platform support module: C:/Program Files/Unity/Hub/Editor/6000.6.2f1/Editor/Data/PlaybackEngines/WebGLSupport/UnityEditor.WebGL.Extensions.dll
Register platform support module: C:/Program Files/Unity/Hub/Editor/6000.6.2f1/Editor/Data/PlaybackEngines/WindowsStandaloneSupport/UnityEditor.WindowsStandalone.Extensions.dll
Register platform support module: C:/Program Files/Unity/Hub/Editor/6000.6.2f1/Editor/Data/PlaybackEngines/AndroidPlayer/UnityEditor.Android.Extensions.dll
Registered in 0.030038 seconds.
Native extension for Android target not found
Native extension for WindowsStandalone target not found
Native extension for WebGL target not found
Package Manager log level set to [2]
[Package Manager] Failed to launch server process. Reason: Unity was launched with the -noUpm command-line argument
[Package Manager] Unable to send message (not connected to server process).
[Package Manager] Cannot connect to Unity Package Manager local server
ScheduleIndexationOnStartup MainProcess:False IndexOnStartup:True
Scripting: successfully reloaded assembly
- Finished resetting the current domain, in  3.912 seconds
Domain Reload Profiling: 13306ms
	BeginReloadAssembly (1795ms)
		CreateAndSetChildDomain (6ms)
	RebuildCommonClasses (44ms)
	RebuildNativeTypeToScriptingClass (182ms)
	initialDomainReloadingComplete (945ms)
	LoadAllAssembliesAndSetupDomain (6423ms)
		LoadAssemblies (1776ms)
		TypeCache.Refresh (3688ms)
			TypeCache.ScanAssembly (3310ms)
		AnalyzeDomain (25ms)
			BuildScriptInfoCaches (16ms)
	FinalizeReload (3917ms)
		SetupLoadedEditorAssemblies (0ms)
			LogAssemblyErrors (25ms)
			InitializePlatformSupportModulesInManaged (71ms)
			BeforeProcessingInitializeOnLoad (1337ms)
			ProcessInitializeOnLoadAttributes (755ms)
			ProcessInitializeOnLoadMethodAttributes (822ms)
			EditorAssembliesLoaded (3ms)
Initializing Unity extensions:
[Licensing::Client] Successfully resolved entitlement details
========================================================================
Worker process is ready to serve import requests
Import Worker Mode flag is 0x00
Begin MonoManager ReloadAssembly
Native extension for Android target not found
Native extension for WindowsStandalone target not found
Native extension for WebGL target not found
[Package Manager] Failed to launch server process. Reason: Unity was launched with the -noUpm command-line argument
[Package Manager] Unable to send message (not connected to server process).
[Package Manager] Cannot connect to Unity Package Manager local server
ScheduleIndexationOnStartup MainProcess:False IndexOnStartup:True
Scripting: successfully reloaded assembly
- Finished resetting the current domain, in  2.791 seconds
Domain Reload Profiling: 6475ms
	BeginReloadAssembly (1946ms)
		DisableScriptedObjects (162ms)
		CreateAndSetChildDomain (218ms)
	RebuildCommonClasses (43ms)
	RebuildNativeTypeToScriptingClass (109ms)
	initialDomainReloadingComplete (250ms)
	LoadAllAssembliesAndSetupDomain (1330ms)
		LoadAssemblies (1149ms)
		TypeCache.Refresh (150ms)
			TypeCache.ScanAssembly (82ms)
		AnalyzeDomain (48ms)
			BuildScriptInfoCaches (43ms)
	FinalizeReload (2797ms)
		SetupLoadedEditorAssemblies (0ms)
			LogAssemblyErrors (10ms)
			InitializePlatformSupportModulesInManaged (39ms)
			BeforeProcessingInitializeOnLoad (750ms)
			ProcessInitializeOnLoadAttributes (548ms)
			ProcessInitializeOnLoadMethodAttributes (255ms)
			AfterProcessingInitializeOnLoad (35ms)
			EditorAssembliesLoaded (3ms)
		AwakeInstancesAfterBackupRestoration (40ms)
AcceleratorClientConnectionCallback - disconnected - :0
Launched and connected shader compiler UnityShaderCompiler.exe after 0.06 seconds
Unloading 0 Unused Serialized files (Serialized files now loaded: 0)
Unloading 488 unused Assets / (33.1 KB). Loaded Objects now: 1176.
Memory consumption went from 189.6 MB to 189.6 MB.
Total: 23.172900 ms (FindLiveObjects: 0.558600 ms CreateObjectMapping: 0.088200 ms MarkObjects: 21.186300 ms  DeleteObjects: 0.774300 ms)

========================================================================
Received Prepare
AcceleratorClientConnectionCallback - disconnected - :0
[Licensing::Client] Successfully resolved entitlement details
[Licensing::Client] Successfully resolved entitlement details
Begin MonoManager ReloadAssembly
Native extension for Android target not found
Native extension for WindowsStandalone target not found
Native extension for WebGL target not found
[Package Manager] Failed to launch server process. Reason: Unity was launched with the -noUpm command-line argument
[Package Manager] Unable to send message (not connected to server process).
[Package Manager] Cannot connect to Unity Package Manager local server
[Package Manager] Failed to launch server process. Reason: Unity was launched with the -noUpm command-line argument
[Package Manager] Unable to send message (not connected to server process).
[Package Manager] Cannot connect to Unity Package Manager local server
ScheduleIndexationOnStartup MainProcess:False IndexOnStartup:True
Scripting: successfully reloaded assembly
- Finished resetting the current domain, in  2.999 seconds
Domain Reload Profiling: 19841ms
	BeginReloadAssembly (13612ms)
		DisableScriptedObjects (226ms)
		CreateAndSetChildDomain (535ms)
	RebuildCommonClasses (79ms)
	RebuildNativeTypeToScriptingClass (247ms)
	initialDomainReloadingComplete (627ms)
	LoadAllAssembliesAndSetupDomain (2272ms)
		LoadAssemblies (11912ms)
		TypeCache.Refresh (193ms)
			TypeCache.ScanAssembly (149ms)
		AnalyzeDomain (76ms)
			BuildScriptInfoCaches (68ms)
	FinalizeReload (3004ms)
		SetupLoadedEditorAssemblies (0ms)
			LogAssemblyErrors (9ms)
			InitializePlatformSupportModulesInManaged (55ms)
			BeforeProcessingInitializeOnLoad (770ms)
			ProcessInitializeOnLoadAttributes (527ms)
			ProcessInitializeOnLoadMethodAttributes (481ms)
			AfterProcessingInitializeOnLoad (33ms)
			EditorAssembliesLoaded (5ms)
		AwakeInstancesAfterBackupRestoration (51ms)
Unloading 10 Unused Serialized files (Serialized files now loaded: 0)
Unloading 1047 unused Assets / (2.0 MB). Loaded Objects now: 1724.
Memory consumption went from 197.9 MB to 195.9 MB.
Total: 26.687300 ms (FindLiveObjects: 1.260800 ms CreateObjectMapping: 0.245100 ms MarkObjects: 20.278100 ms  DeleteObjects: 4.285000 ms)

Prepare: number of updated asset objects reloaded= 0
EnvironmentDependencyValues requested are different than current active one (requested -> active):
  graphicsApiMask: 2099200 -> 2361344
========================================================================
Received Prepare
AcceleratorClientConnectionCallback - disconnected - :0
[Licensing::Client] Successfully resolved entitlement details
[Licensing::Client] Successfully resolved entitlement details
Begin MonoManager ReloadAssembly
Native extension for Android target not found
Native extension for WindowsStandalone target not found
Native extension for WebGL target not found
[Package Manager] Failed to launch server process. Reason: Unity was launched with the -noUpm command-line argument
[Package Manager] Unable to send message (not connected to server process).
[Package Manager] Cannot connect to Unity Package Manager local server
[Package Manager] Failed to launch server process. Reason: Unity was launched with the -noUpm command-line argument
[Package Manager] Unable to send message (not connected to server process).
[Package Manager] Cannot connect to Unity Package Manager local server
ScheduleIndexationOnStartup MainProcess:False IndexOnStartup:True
Scripting: successfully reloaded assembly
- Finished resetting the current domain, in  3.778 seconds
Domain Reload Profiling: 11429ms
	BeginReloadAssembly (3445ms)
		DisableScriptedObjects (77ms)
		CreateAndSetChildDomain (231ms)
	RebuildCommonClasses (58ms)
	RebuildNativeTypeToScriptingClass (111ms)
	initialDomainReloadingComplete (1168ms)
	LoadAllAssembliesAndSetupDomain (2858ms)
		LoadAssemblies (4242ms)
		TypeCache.Refresh (37ms)
		AnalyzeDomain (259ms)
			BuildScriptInfoCaches (250ms)
			ResolveRequiredComponents (3ms)
	FinalizeReload (3788ms)
		SetupLoadedEditorAssemblies (0ms)
			LogAssemblyErrors (15ms)
			InitializePlatformSupportModulesInManaged (48ms)
			BeforeProcessingInitializeOnLoad (783ms)
			ProcessInitializeOnLoadAttributes (614ms)
			ProcessInitializeOnLoadMethodAttributes (530ms)
			AfterProcessingInitializeOnLoad (37ms)
			EditorAssembliesLoaded (5ms)
		AwakeInstancesAfterBackupRestoration (54ms)
Unloading 10 Unused Serialized files (Serialized files now loaded: 0)
Unloading 1047 unused Assets / (2.2 MB). Loaded Objects now: 1726.
Memory consumption went from 200.6 MB to 198.4 MB.
Total: 37.860500 ms (FindLiveObjects: 0.961700 ms CreateObjectMapping: 0.228000 ms MarkObjects: 23.547100 ms  DeleteObjects: 12.378600 ms)

Prepare: number of updated asset objects reloaded= 0
EnvironmentDependencyValues requested are different than current active one (requested -> active):
  graphicsApiMask: 2099200 -> 2361344
========================================================================
Received Prepare
AcceleratorClientConnectionCallback - disconnected - :0
Refreshing native plugins compatible for Editor in 3.57 ms, found 0 plugins.
Unloading 10 Unused Serialized files (Serialized files now loaded: 0)
Unloading 10 unused Assets / (1.1 MB). Loaded Objects now: 1726.
Memory consumption went from 200.3 MB to 199.2 MB.
Total: 41.211500 ms (FindLiveObjects: 1.090200 ms CreateObjectMapping: 0.163900 ms MarkObjects: 36.229300 ms  DeleteObjects: 2.489300 ms)

Prepare: number of updated asset objects reloaded= 0
EnvironmentDependencyValues requested are different than current active one (requested -> active):
  graphicsApiMask: 2099200 -> 2361344
========================================================================
Received Prepare
AcceleratorClientConnectionCallback - disconnected - :0
Refreshing native plugins compatible for Editor in 9.19 ms, found 0 plugins.
Unloading 10 Unused Serialized files (Serialized files now loaded: 0)
Unloading 10 unused Assets / (1.2 MB). Loaded Objects now: 1726.
Memory consumption went from 200.4 MB to 199.3 MB.
Total: 96.533100 ms (FindLiveObjects: 1.122100 ms CreateObjectMapping: 0.121300 ms MarkObjects: 89.853000 ms  DeleteObjects: 4.732600 ms)

Prepare: number of updated asset objects reloaded= 0
EnvironmentDependencyValues requested are different than current active one (requested -> active):
  graphicsApiMask: 2099200 -> 2361344
Editor requested this worker to shutdown with reason: Editor is closing down
AcceleratorClientConnectionCallback - disconnected - :0
